⚡️ @cloudflare/next-on-pages CLI v.1.13.16

⚡️ Warning: It seems like you're on a Windows system, the Vercel CLI (run by @cloudflare/next-on-pages
⚡️ to build your application) seems not to work reliably on Windows so if you experience issues during
⚡️ the build process please try switching to a different operating system or running
⚡️ @cloudflare/next-on-pages under the Windows Subsystem for Linux

⚡️ Detected Package Manager: npm (11.6.4)
⚡️ Preparing project...
⚡️ Project is ready
⚡️ Building project...
node:events:496
      throw er; // Unhandled 'error' event
      ^

Error: spawn npx ENOENT
    at ChildProcess._handle.onexit (node:internal/child_process:285:19)
    at onErrorNT (node:internal/child_process:483:16)
    at process.processTicksAndRejections (node:internal/process/task_queues:90:21)
Emitted 'error' event on ChildProcess instance at:
    at ChildProcess._handle.onexit (node:internal/child_process:291:12)
    at onErrorNT (node:internal/child_process:483:16)
    at process.processTicksAndRejections (node:internal/process/task_queues:90:21) {
  errno: -4058,
  code: 'ENOENT',
  syscall: 'spawn npx',
  path: 'npx',
  spawnargs: [ 'vercel', 'build' ]
}

Node.js v22.15.1
